// Jest Snapshot v1, https://goo.gl/fbAQLP

exports[`App.test.js has the expected html structure 1`] = `
<div>
  <ul>
    <li
      class="message"
      style="margin-top: 10px;"
    >
      
    </li>
  </ul>
   
  <div
    class="matin"
  >
    <span>
      content
    </span>
  </div>
</div>
`;
